###############################################################################
#
# IAR ELF Linker V9.50.1.380/W64 for ARM                  21/Dec/2023  20:41:00
# Copyright 2007-2023 IAR Systems AB.
#
#    Output file  =  C:\stm32f107\test\stm32f107\Debug\Exe\week3.out
#    Map file     =  C:\stm32f107\test\stm32f107\Debug\List\week3.map
#    Command line =
#        -f C:\stm32f107\test\stm32f107\Debug\Exe\week3.out.rsp
#        (C:\stm32f107\test\stm32f107\Debug\Obj\src_16443330741552987741.dir\common.o
#        C:\stm32f107\test\stm32f107\Debug\Obj\src_16443330741552987741.dir\game_io.o
#        C:\stm32f107\test\stm32f107\Debug\Obj\LCD_4201958098305381530.dir\lcd.o
#        C:\stm32f107\test\stm32f107\Debug\Obj\user_8514941877209965082.dir\main.o
#        C:\stm32f107\test\stm32f107\Debug\Obj\src_3217175271539887226.dir\misc.o
#        C:\stm32f107\test\stm32f107\Debug\Obj\src_16443330741552987741.dir\punch_game.o
#        C:\stm32f107\test\stm32f107\Debug\Obj\src_16443330741552987741.dir\shake_game.o
#        C:\stm32f107\test\stm32f107\Debug\Obj\src_16443330741552987741.dir\some_game.o
#        C:\stm32f107\test\stm32f107\Debug\Obj\startup_9033852101935799395.dir\startup_stm32f10x_cl.o
#        C:\stm32f107\test\stm32f107\Debug\Obj\src_3217175271539887226.dir\stm32f10x_adc.o
#        C:\stm32f107\test\stm32f107\Debug\Obj\src_3217175271539887226.dir\stm32f10x_bkp.o
#        C:\stm32f107\test\stm32f107\Debug\Obj\src_3217175271539887226.dir\stm32f10x_can.o
#        C:\stm32f107\test\stm32f107\Debug\Obj\src_3217175271539887226.dir\stm32f10x_cec.o
#        C:\stm32f107\test\stm32f107\Debug\Obj\src_3217175271539887226.dir\stm32f10x_crc.o
#        C:\stm32f107\test\stm32f107\Debug\Obj\src_3217175271539887226.dir\stm32f10x_dac.o
#        C:\stm32f107\test\stm32f107\Debug\Obj\src_3217175271539887226.dir\stm32f10x_dbgmcu.o
#        C:\stm32f107\test\stm32f107\Debug\Obj\src_3217175271539887226.dir\stm32f10x_dma.o
#        C:\stm32f107\test\stm32f107\Debug\Obj\src_3217175271539887226.dir\stm32f10x_exti.o
#        C:\stm32f107\test\stm32f107\Debug\Obj\src_3217175271539887226.dir\stm32f10x_flash.o
#        C:\stm32f107\test\stm32f107\Debug\Obj\src_3217175271539887226.dir\stm32f10x_fsmc.o
#        C:\stm32f107\test\stm32f107\Debug\Obj\src_3217175271539887226.dir\stm32f10x_gpio.o
#        C:\stm32f107\test\stm32f107\Debug\Obj\src_3217175271539887226.dir\stm32f10x_i2c.o
#        C:\stm32f107\test\stm32f107\Debug\Obj\src_3217175271539887226.dir\stm32f10x_it.o
#        C:\stm32f107\test\stm32f107\Debug\Obj\src_3217175271539887226.dir\stm32f10x_iwdg.o
#        C:\stm32f107\test\stm32f107\Debug\Obj\src_3217175271539887226.dir\stm32f10x_pwr.o
#        C:\stm32f107\test\stm32f107\Debug\Obj\src_3217175271539887226.dir\stm32f10x_rcc.o
#        C:\stm32f107\test\stm32f107\Debug\Obj\src_3217175271539887226.dir\stm32f10x_rtc.o
#        C:\stm32f107\test\stm32f107\Debug\Obj\src_3217175271539887226.dir\stm32f10x_sdio.o
#        C:\stm32f107\test\stm32f107\Debug\Obj\src_3217175271539887226.dir\stm32f10x_spi.o
#        C:\stm32f107\test\stm32f107\Debug\Obj\src_3217175271539887226.dir\stm32f10x_tim.o
#        C:\stm32f107\test\stm32f107\Debug\Obj\src_3217175271539887226.dir\stm32f10x_usart.o
#        C:\stm32f107\test\stm32f107\Debug\Obj\src_3217175271539887226.dir\stm32f10x_wwdg.o
#        C:\stm32f107\test\stm32f107\Debug\Obj\deviceSupport_10693399758388243120.dir\system_stm32f10x.o
#        C:\stm32f107\test\stm32f107\Debug\Obj\src_16443330741552987741.dir\time_game.o
#        C:\stm32f107\test\stm32f107\Debug\Obj\LCD_4201958098305381530.dir\touch.o
#        --no_out_extension -o C:\stm32f107\test\stm32f107\Debug\Exe\week3.out
#        --map C:\stm32f107\test\stm32f107\Debug\List\week3.map --log
#        libraries,initialization,modules,redirects,sections,veneers,unused_fragments,call_graph
#        --log_file C:\stm32f107\test\stm32f107\Debug\List\week3.log --config
#        "C:\Program Files\IAR Systems\Embedded Workbench
#        9.2\arm/config/linker/ST/stm32f107xC.icf" --semihosting --entry
#        __iar_program_start --vfe --text_out locale --cpu=Cortex-M3
#        --fpu=None) --dependencies=n
#        C:\stm32f107\test\stm32f107\Debug\Exe\week3.out.iar_deps
#
###############################################################################

*******************************************************************************
*** RUNTIME MODEL ATTRIBUTES
***

CppFlavor       = *
__CPP_Runtime   = 1
__SystemLibrary = DLib
__dlib_version  = 6


*******************************************************************************
*** HEAP SELECTION
***

The basic heap was selected because --advanced_heap
was not specified and the application did not appear to
be primarily optimized for speed.


*******************************************************************************
*** PLACEMENT SUMMARY
***

"A0":  place at address 0x800'0000 { ro section .intvec };
"P1":  place in [from 0x800'0000 to 0x803'ffff] { ro };
define block CSTACK with size = 4K, alignment = 8 { };
define block HEAP with size = 4K, alignment = 8 { };
"P2":  place in [from 0x2000'0000 to 0x2000'ffff] {
          rw, block CSTACK, block HEAP };
initialize by copy { rw };

  Section            Kind         Address  Aligment    Size  Object
  -------            ----         -------  --------    ----  ------
"A0":                                                 0x150
  .intvec            ro code   0x800'0000         4   0x150  startup_stm32f10x_cl.o [5]
                             - 0x800'0150             0x150

"P1":                                                0x34d8
  .text              ro code   0x800'0150         4   0xea6  xprintffull_nomb.o [7]
  .text              ro code   0x800'0ff6         2    0x2a  copy_init3.o [9]
  .text              ro code   0x800'1020         4    0x16  strchr.o [9]
  .text              ro code   0x800'1038         4    0x40  xfail_s.o [7]
  .text              ro code   0x800'1078         4    0x36  strlen.o [9]
  .text              ro code   0x800'10b0         4    0x58  memchr.o [9]
  .text              ro code   0x800'1108         4    0xa6  ABImemcpy.o [9]
  .text              ro code   0x800'11b0         4    0x70  frexp.o [8]
  .text              ro code   0x800'1220         4    0x34  DblCmpLe.o [8]
  .text              ro code   0x800'1254         4    0x34  DblCmpGe.o [8]
  .text              ro code   0x800'1288         4   0x13a  ldexp.o [8]
  .text              ro code   0x800'13c4         4    0x36  DblToS32.o [8]
  .text              ro code   0x800'13fc         4    0x22  S32ToDbl.o [8]
  .text              ro code   0x800'1420         4   0x24e  DblAddSub.o [8]
  .text              ro code   0x800'1670         4   0x246  DblDiv.o [8]
  .text              ro code   0x800'18b8         4    0x22  DblToU32.o [8]
  .text              ro code   0x800'18dc         4    0x1c  U32ToDbl.o [8]
  .text              ro code   0x800'18f8         4   0x1aa  DblMul.o [8]
  .text              ro code   0x800'1aa4         4   0x230  I64DivMod.o [9]
  .text              ro code   0x800'1cd4         2     0x6  abort.o [7]
  .text              ro code   0x800'1cdc         4     0x2  I64DivZer.o [9]
  .text              ro code   0x800'1ce0         4    0x14  exit.o [10]
  .text              ro code   0x800'1cf4         4    0x7c  iarttio.o [10]
  .text              ro code   0x800'1d70         4     0x8  XShttio.o [7]
  .text              ro code   0x800'1d78         4   0x304  game_io.o [3]
  .text              ro code   0x800'207c         4   0x16c  stm32f10x_rcc.o [4]
  .text              ro code   0x800'21e8         4   0x134  stm32f10x_gpio.o [4]
  .text              ro code   0x800'231c         4   0x1a6  stm32f10x_usart.o [4]
  .text              ro code   0x800'24c4         4    0x7c  misc.o [4]
  .text              ro code   0x800'2540         4    0x66  ABImemset.o [9]
  .text              ro code   0x800'25a8         4    0x28  printf.o [7]
  .text              ro code   0x800'25d0         4   0x20c  punch_game.o [3]
  .text              ro code   0x800'27dc         4   0x194  stm32f10x_adc.o [4]
  .text              ro code   0x800'2970         4    0x54  stm32f10x_dma.o [4]
  .text              ro code   0x800'29c4         4   0x208  time_game.o [3]
  .text              ro code   0x800'2bcc         4    0xb4  stm32f10x_exti.o [4]
  .text              ro code   0x800'2c80         4   0x13c  stm32f10x_tim.o [4]
  .text              ro code   0x800'2dbc         4   0x150  system_stm32f10x.o [2]
  .text              ro code   0x800'2f0c         4   0x128  common.o [3]
  .text              ro code   0x800'3034         4   0x108  shake_game.o [3]
  .text              ro code   0x800'313c         4    0xbc  main.o [6]
  .text              ro code   0x800'31f8         2    0x38  zero_init3.o [9]
  .text              ro code   0x800'3230         4    0x2a  data_init.o [9]
  .rodata            const     0x800'325c         4    0x24  shake_game.o [3]
  Initializer bytes  const     0x800'3280         4    0x24  <for P2-1>
  .text              ro code   0x800'32a4         2    0x22  iarwrite.o [10]
  .iar.init_table    const     0x800'32c8         4    0x24  - Linker created -
  .rodata            const     0x800'32ec         4    0x20  time_game.o [3]
  .text              ro code   0x800'330c         2    0x20  putchar.o [7]
  .text              ro code   0x800'332c         2    0x10  write.o [10]
  .text              ro code   0x800'333c         2    0x1e  dwrite.o [10]
  .text              ro code   0x800'335a         2    0x20  iarwstd.o [10]
  .text              ro code   0x800'337c         4    0x1e  cmain.o [9]
  .text              ro code   0x800'339a         2     0x4  low_level_init.o [7]
  .text              ro code   0x800'339e         2     0x4  exit.o [7]
  .text              ro code   0x800'33a4         4     0xa  cexit.o [9]
  .rodata            const     0x800'33b0         4    0x1c  punch_game.o [3]
  .text              ro code   0x800'33cc         4    0x1c  cstartup_M.o [9]
  .rodata            const     0x800'33e8         4    0x18  main.o [6]
  .text              ro code   0x800'3400         2    0x16  xprout.o [7]
  .text              ro code   0x800'3416         2    0x12  stm32f10x_it.o [4]
  .rodata            const     0x800'3428         4    0x10  game_io.o [3]
  .rodata            const     0x800'3438         4    0x10  punch_game.o [3]
  .rodata            const     0x800'3448         4    0x10  punch_game.o [3]
  .rodata            const     0x800'3458         4    0x10  shake_game.o [3]
  .rodata            const     0x800'3468         4    0x10  shake_game.o [3]
  .rodata            const     0x800'3478         4    0x10  time_game.o [3]
  .rodata            const     0x800'3488         4    0x10  time_game.o [3]
  .text              ro code   0x800'3498         4    0x10  startup_stm32f10x_cl.o [5]
  .rodata            const     0x800'34a8         4     0xc  punch_game.o [3]
  .rodata            const     0x800'34b4         4     0xc  shake_game.o [3]
  .rodata            const     0x800'34c0         4     0xc  time_game.o [3]
  .rodata            const     0x800'34cc         4     0xc  time_game.o [3]
  .rodata            const     0x800'34d8         4     0xc  time_game.o [3]
  .rodata            const     0x800'34e4         4     0x8  common.o [3]
  .rodata            const     0x800'34ec         4     0x8  time_game.o [3]
  .rodata            const     0x800'34f4         4     0x4  common.o [3]
  .rodata            const     0x800'34f8         4     0x4  common.o [3]
  .rodata            const     0x800'34fc         4     0x4  common.o [3]
  .rodata            const     0x800'3500         4     0x4  shake_game.o [3]
  .rodata            const     0x800'3504         4     0x4  time_game.o [3]
  .rodata            const     0x800'3508         4     0x4  time_game.o [3]
  .rodata            const     0x800'350c         4     0x4  time_game.o [3]
  .text              ro code   0x800'3510         2     0x4  startup_stm32f10x_cl.o [5]
  .text              ro code   0x800'3514         2     0x4  startup_stm32f10x_cl.o [5]
  .text              ro code   0x800'3518         2     0x4  startup_stm32f10x_cl.o [5]
  .text              ro code   0x800'351c         2     0x4  startup_stm32f10x_cl.o [5]
  .text              ro code   0x800'3520         2     0x4  startup_stm32f10x_cl.o [5]
  .text              ro code   0x800'3524         2     0x4  startup_stm32f10x_cl.o [5]
  .text              ro code   0x800'3528         2     0x4  startup_stm32f10x_cl.o [5]
  .text              ro code   0x800'352c         2     0x4  startup_stm32f10x_cl.o [5]
  .text              ro code   0x800'3530         2     0x4  startup_stm32f10x_cl.o [5]
  .text              ro code   0x800'3534         2     0x4  startup_stm32f10x_cl.o [5]
  .text              ro code   0x800'3538         2     0x4  startup_stm32f10x_cl.o [5]
  .text              ro code   0x800'353c         2     0x4  startup_stm32f10x_cl.o [5]
  .text              ro code   0x800'3540         2     0x4  startup_stm32f10x_cl.o [5]
  .text              ro code   0x800'3544         2     0x4  startup_stm32f10x_cl.o [5]
  .text              ro code   0x800'3548         2     0x4  startup_stm32f10x_cl.o [5]
  .text              ro code   0x800'354c         2     0x4  startup_stm32f10x_cl.o [5]
  .text              ro code   0x800'3550         2     0x4  startup_stm32f10x_cl.o [5]
  .text              ro code   0x800'3554         2     0x4  startup_stm32f10x_cl.o [5]
  .text              ro code   0x800'3558         2     0x4  startup_stm32f10x_cl.o [5]
  .text              ro code   0x800'355c         2     0x4  startup_stm32f10x_cl.o [5]
  .text              ro code   0x800'3560         2     0x4  startup_stm32f10x_cl.o [5]
  .text              ro code   0x800'3564         2     0x4  startup_stm32f10x_cl.o [5]
  .text              ro code   0x800'3568         2     0x4  startup_stm32f10x_cl.o [5]
  .text              ro code   0x800'356c         2     0x4  startup_stm32f10x_cl.o [5]
  .text              ro code   0x800'3570         2     0x4  startup_stm32f10x_cl.o [5]
  .text              ro code   0x800'3574         2     0x4  startup_stm32f10x_cl.o [5]
  .text              ro code   0x800'3578         2     0x4  startup_stm32f10x_cl.o [5]
  .text              ro code   0x800'357c         2     0x4  startup_stm32f10x_cl.o [5]
  .text              ro code   0x800'3580         2     0x4  startup_stm32f10x_cl.o [5]
  .text              ro code   0x800'3584         2     0x4  startup_stm32f10x_cl.o [5]
  .text              ro code   0x800'3588         2     0x4  startup_stm32f10x_cl.o [5]
  .text              ro code   0x800'358c         2     0x4  startup_stm32f10x_cl.o [5]
  .text              ro code   0x800'3590         2     0x4  startup_stm32f10x_cl.o [5]
  .text              ro code   0x800'3594         2     0x4  startup_stm32f10x_cl.o [5]
  .text              ro code   0x800'3598         2     0x4  startup_stm32f10x_cl.o [5]
  .text              ro code   0x800'359c         2     0x4  startup_stm32f10x_cl.o [5]
  .text              ro code   0x800'35a0         2     0x4  startup_stm32f10x_cl.o [5]
  .text              ro code   0x800'35a4         2     0x4  startup_stm32f10x_cl.o [5]
  .text              ro code   0x800'35a8         2     0x4  startup_stm32f10x_cl.o [5]
  .text              ro code   0x800'35ac         2     0x4  startup_stm32f10x_cl.o [5]
  .text              ro code   0x800'35b0         2     0x4  startup_stm32f10x_cl.o [5]
  .text              ro code   0x800'35b4         2     0x4  startup_stm32f10x_cl.o [5]
  .text              ro code   0x800'35b8         2     0x4  startup_stm32f10x_cl.o [5]
  .text              ro code   0x800'35bc         2     0x4  startup_stm32f10x_cl.o [5]
  .text              ro code   0x800'35c0         2     0x4  startup_stm32f10x_cl.o [5]
  .text              ro code   0x800'35c4         2     0x4  startup_stm32f10x_cl.o [5]
  .text              ro code   0x800'35c8         2     0x4  startup_stm32f10x_cl.o [5]
  .text              ro code   0x800'35cc         2     0x4  startup_stm32f10x_cl.o [5]
  .text              ro code   0x800'35d0         2     0x4  startup_stm32f10x_cl.o [5]
  .text              ro code   0x800'35d4         2     0x4  startup_stm32f10x_cl.o [5]
  .text              ro code   0x800'35d8         2     0x4  startup_stm32f10x_cl.o [5]
  .text              ro code   0x800'35dc         2     0x4  startup_stm32f10x_cl.o [5]
  .text              ro code   0x800'35e0         2     0x4  startup_stm32f10x_cl.o [5]
  .text              ro code   0x800'35e4         2     0x4  startup_stm32f10x_cl.o [5]
  .text              ro code   0x800'35e8         2     0x4  startup_stm32f10x_cl.o [5]
  .text              ro code   0x800'35ec         2     0x4  startup_stm32f10x_cl.o [5]
  .text              ro code   0x800'35f0         2     0x4  startup_stm32f10x_cl.o [5]
  .text              ro code   0x800'35f4         2     0x4  startup_stm32f10x_cl.o [5]
  .text              ro code   0x800'35f8         2     0x4  startup_stm32f10x_cl.o [5]
  .text              ro code   0x800'35fc         2     0x4  startup_stm32f10x_cl.o [5]
  .text              ro code   0x800'3600         2     0x4  startup_stm32f10x_cl.o [5]
  .text              ro code   0x800'3604         2     0x4  startup_stm32f10x_cl.o [5]
  .text              ro code   0x800'3608         2     0x4  startup_stm32f10x_cl.o [5]
  .text              ro code   0x800'360c         2     0x4  startup_stm32f10x_cl.o [5]
  .text              ro code   0x800'3610         2     0x4  startup_stm32f10x_cl.o [5]
  .text              ro code   0x800'3614         2     0x4  startup_stm32f10x_cl.o [5]
  .text              ro code   0x800'3618         2     0x4  startup_stm32f10x_cl.o [5]
  .text              ro code   0x800'361c         2     0x4  startup_stm32f10x_cl.o [5]
  .text              ro code   0x800'3620         2     0x4  startup_stm32f10x_cl.o [5]
  .text              ro code   0x800'3624         2     0x4  startup_stm32f10x_cl.o [5]
  .rodata            const     0x800'3628               0x0  zero_init3.o [9]
  .rodata            const     0x800'3628               0x0  copy_init3.o [9]
                             - 0x800'3628            0x34d8

"P2", part 1 of 3:                                     0x24
  P2-1                        0x2000'0000         4    0x24  <Init block>
    .data            inited   0x2000'0000         4     0x4  main.o [6]
    .data            inited   0x2000'0004         4    0x10  stm32f10x_rcc.o [4]
    .data            inited   0x2000'0014         4     0x4  stm32f10x_rcc.o [4]
    .data            inited   0x2000'0018         4     0x4  system_stm32f10x.o [2]
    .data            inited   0x2000'001c         4     0x8  XShttio.o [7]
                            - 0x2000'0024              0x24

"P2", part 2 of 3:                                    0x28c
  .bss               zero     0x2000'0024         4   0x190  main.o [6]
  .bss               zero     0x2000'01b4         4    0xc8  game_io.o [3]
  .bss               zero     0x2000'027c         4     0x4  common.o [3]
  .bss               zero     0x2000'0280         4     0x4  game_io.o [3]
  .bss               zero     0x2000'0284         4     0x4  main.o [6]
  .bss               zero     0x2000'0288         4     0x4  main.o [6]
  .bss               zero     0x2000'028c         4     0x4  main.o [6]
  .bss               zero     0x2000'0290         4     0x4  main.o [6]
  .bss               zero     0x2000'0294         4     0x4  main.o [6]
  .bss               zero     0x2000'0298         4     0x4  punch_game.o [3]
  .bss               zero     0x2000'029c         4     0x4  punch_game.o [3]
  .bss               zero     0x2000'02a0         4     0x4  shake_game.o [3]
  .bss               zero     0x2000'02a4         4     0x4  time_game.o [3]
  .bss               zero     0x2000'02a8         4     0x4  time_game.o [3]
  .bss               zero     0x2000'02ac         4     0x4  xfail_s.o [7]
                            - 0x2000'02b0             0x28c

"P2", part 3 of 3:                                   0x1000
  CSTACK                      0x2000'02b0         8  0x1000  <Block>
    CSTACK           uninit   0x2000'02b0            0x1000  <Block tail>
                            - 0x2000'12b0            0x1000

Unused ranges:

         From           To      Size
         ----           --      ----
   0x800'3628   0x803'ffff  0x3'c9d8
  0x2000'12b0  0x2000'ffff    0xed50


*******************************************************************************
*** INIT TABLE
***

          Address      Size
          -------      ----
Zero (__iar_zero_init3)
    1 destination range, total size 0x28c:
          0x2000'0024  0x28c

Copy (__iar_copy_init3)
    1 source range, total size 0x24:
           0x800'3280   0x24
    1 destination range, total size 0x24:
          0x2000'0000   0x24



*******************************************************************************
*** MODULE SUMMARY
***

    Module                  ro code  ro data  rw data
    ------                  -------  -------  -------
command line/config:
    -------------------------------------------------
    Total:

C:\stm32f107\test\stm32f107\Debug\Obj\LCD_4201958098305381530.dir: [1]
    -------------------------------------------------
    Total:

C:\stm32f107\test\stm32f107\Debug\Obj\deviceSupport_10693399758388243120.dir: [2]
    system_stm32f10x.o          336        4        4
    -------------------------------------------------
    Total:                      336        4        4

C:\stm32f107\test\stm32f107\Debug\Obj\src_16443330741552987741.dir: [3]
    common.o                    296       20        4
    game_io.o                   772       16      204
    punch_game.o                524       72        8
    shake_game.o                264       84        4
    time_game.o                 520      120        8
    -------------------------------------------------
    Total:                    2'376      312      228

C:\stm32f107\test\stm32f107\Debug\Obj\src_3217175271539887226.dir: [4]
    misc.o                      124
    stm32f10x_adc.o             404
    stm32f10x_dma.o              84
    stm32f10x_exti.o            180
    stm32f10x_gpio.o            308
    stm32f10x_it.o               18
    stm32f10x_rcc.o             364       20       20
    stm32f10x_tim.o             316
    stm32f10x_usart.o           422
    -------------------------------------------------
    Total:                    2'220       20       20

C:\stm32f107\test\stm32f107\Debug\Obj\startup_9033852101935799395.dir: [5]
    startup_stm32f10x_cl.o      632
    -------------------------------------------------
    Total:                      632

C:\stm32f107\test\stm32f107\Debug\Obj\user_8514941877209965082.dir: [6]
    main.o                      188       28      424
    -------------------------------------------------
    Total:                      188       28      424

dl7M_tln.a: [7]
    XShttio.o                     8        8        8
    abort.o                       6
    exit.o                        4
    low_level_init.o              4
    printf.o                     40
    putchar.o                    32
    xfail_s.o                    64                 4
    xprintffull_nomb.o        3'750
    xprout.o                     22
    -------------------------------------------------
    Total:                    3'930        8       12

m7M_tl.a: [8]
    DblAddSub.o                 590
    DblCmpGe.o                   52
    DblCmpLe.o                   52
    DblDiv.o                    582
    DblMul.o                    426
    DblToS32.o                   54
    DblToU32.o                   34
    S32ToDbl.o                   34
    U32ToDbl.o                   28
    frexp.o                     112
    ldexp.o                     314
    -------------------------------------------------
    Total:                    2'278

rt7M_tl.a: [9]
    ABImemcpy.o                 166
    ABImemset.o                 102
    I64DivMod.o                 560
    I64DivZer.o                   2
    cexit.o                      10
    cmain.o                      30
    copy_init3.o                 42
    cstartup_M.o                 28
    data_init.o                  42
    memchr.o                     88
    strchr.o                     22
    strlen.o                     54
    zero_init3.o                 56
    -------------------------------------------------
    Total:                    1'202

shb_l.a: [10]
    dwrite.o                     30
    exit.o                       20
    iarttio.o                   124
    iarwrite.o                   34
    iarwstd.o                    32
    write.o                      16
    -------------------------------------------------
    Total:                      256

    Gaps                         32        6
    Linker created                        36    4'096
-----------------------------------------------------
    Grand Total:             13'450      414    4'784


*******************************************************************************
*** ENTRY LIST
***

Entry                       Address   Size  Type      Object
-----                       -------   ----  ----      ------
.iar.init_table$$Base    0x800'32c8          --   Gb  - Linker created -
.iar.init_table$$Limit   0x800'32ec          --   Gb  - Linker created -
?main                    0x800'337d         Code  ??  cmain.o [9]
ADC1_2_IRQHandler        0x800'357d         Code  Wk  startup_stm32f10x_cl.o [5]
ADCPrescTable           0x2000'0014    0x4  Data  Lc  stm32f10x_rcc.o [4]
ADC_Cmd                  0x800'2827   0x1a  Code  ??  stm32f10x_adc.o [4]
ADC_DMACmd               0x800'2841   0x1a  Code  ??  stm32f10x_adc.o [4]
ADC_GetCalibrationStatus
                         0x800'2881   0x12  Code  ??  stm32f10x_adc.o [4]
ADC_GetResetCalibrationStatus
                         0x800'2865   0x12  Code  ??  stm32f10x_adc.o [4]
ADC_Init                 0x800'27dd   0x4a  Code  ??  stm32f10x_adc.o [4]
ADC_RegularChannelConfig
                         0x800'28ad   0xbc  Code  ??  stm32f10x_adc.o [4]
ADC_ResetCalibration     0x800'285b    0xa  Code  ??  stm32f10x_adc.o [4]
ADC_SoftwareStartConvCmd
                         0x800'2893   0x1a  Code  ??  stm32f10x_adc.o [4]
ADC_StartCalibration     0x800'2877    0xa  Code  ??  stm32f10x_adc.o [4]
ADC_Value               0x2000'0298    0x4  Data  ??  punch_game.o [3]
APBAHBPrescTable        0x2000'0004   0x10  Data  Lc  stm32f10x_rcc.o [4]
AdcInit                  0x800'2607   0x76  Code  ??  punch_game.o [3]
BusFault_Handler         0x800'341d    0x2  Code  ??  stm32f10x_it.o [4]
CAN1_RX0_IRQHandler      0x800'3585         Code  Wk  startup_stm32f10x_cl.o [5]
CAN1_RX1_IRQHandler      0x800'3589         Code  Wk  startup_stm32f10x_cl.o [5]
CAN1_SCE_IRQHandler      0x800'358d         Code  Wk  startup_stm32f10x_cl.o [5]
CAN1_TX_IRQHandler       0x800'3581         Code  Wk  startup_stm32f10x_cl.o [5]
CAN2_RX0_IRQHandler      0x800'3619         Code  Wk  startup_stm32f10x_cl.o [5]
CAN2_RX1_IRQHandler      0x800'361d         Code  Wk  startup_stm32f10x_cl.o [5]
CAN2_SCE_IRQHandler      0x800'3621         Code  Wk  startup_stm32f10x_cl.o [5]
CAN2_TX_IRQHandler       0x800'3615         Code  Wk  startup_stm32f10x_cl.o [5]
CSTACK$$Base            0x2000'02b0          --   Gb  - Linker created -
CSTACK$$Limit           0x2000'12b0          --   ??  - Linker created -
DMA1_Channel1_IRQHandler
                         0x800'3561         Code  Wk  startup_stm32f10x_cl.o [5]
DMA1_Channel2_IRQHandler
                         0x800'3565         Code  Wk  startup_stm32f10x_cl.o [5]
DMA1_Channel3_IRQHandler
                         0x800'3569         Code  Wk  startup_stm32f10x_cl.o [5]
DMA1_Channel4_IRQHandler
                         0x800'356d         Code  Wk  startup_stm32f10x_cl.o [5]
DMA1_Channel5_IRQHandler
                         0x800'3571         Code  Wk  startup_stm32f10x_cl.o [5]
DMA1_Channel6_IRQHandler
                         0x800'3575         Code  Wk  startup_stm32f10x_cl.o [5]
DMA1_Channel7_IRQHandler
                         0x800'3579         Code  Wk  startup_stm32f10x_cl.o [5]
DMA2_Channel1_IRQHandler
                         0x800'35f9         Code  Wk  startup_stm32f10x_cl.o [5]
DMA2_Channel2_IRQHandler
                         0x800'35fd         Code  Wk  startup_stm32f10x_cl.o [5]
DMA2_Channel3_IRQHandler
                         0x800'3601         Code  Wk  startup_stm32f10x_cl.o [5]
DMA2_Channel4_IRQHandler
                         0x800'3605         Code  Wk  startup_stm32f10x_cl.o [5]
DMA2_Channel5_IRQHandler
                         0x800'3609         Code  Wk  startup_stm32f10x_cl.o [5]
DMA_Cmd                  0x800'29a9   0x1c  Code  ??  stm32f10x_dma.o [4]
DMA_Configure            0x800'267d   0x4c  Code  ??  punch_game.o [3]
DMA_Init                 0x800'2971   0x38  Code  ??  stm32f10x_dma.o [4]
DebugMon_Handler         0x800'3423    0x2  Code  ??  stm32f10x_it.o [4]
ETH_IRQHandler           0x800'360d         Code  Wk  startup_stm32f10x_cl.o [5]
ETH_WKUP_IRQHandler      0x800'3611         Code  Wk  startup_stm32f10x_cl.o [5]
EXTI0_IRQHandler         0x800'354d         Code  Wk  startup_stm32f10x_cl.o [5]
EXTI15_10_IRQHandler     0x800'35d5         Code  Wk  startup_stm32f10x_cl.o [5]
EXTI1_IRQHandler         0x800'3145    0x8  Code  ??  main.o [6]
EXTI2_IRQHandler         0x800'3555         Code  Wk  startup_stm32f10x_cl.o [5]
EXTI3_IRQHandler         0x800'3559         Code  Wk  startup_stm32f10x_cl.o [5]
EXTI4_IRQHandler         0x800'313d    0x8  Code  ??  main.o [6]
EXTI9_5_IRQHandler       0x800'3591         Code  Wk  startup_stm32f10x_cl.o [5]
EXTI_ClearITPendingBit   0x800'2c65    0x6  Code  ??  stm32f10x_exti.o [4]
EXTI_GetITStatus         0x800'2c45   0x20  Code  ??  stm32f10x_exti.o [4]
EXTI_Init                0x800'2bcd   0x78  Code  ??  stm32f10x_exti.o [4]
FLASH_IRQHandler         0x800'3545         Code  Wk  startup_stm32f10x_cl.o [5]
GPIO_EXTILineConfig      0x800'22cb   0x4e  Code  ??  stm32f10x_gpio.o [4]
GPIO_Init                0x800'21e9   0xc2  Code  ??  stm32f10x_gpio.o [4]
GPIO_ReadInputDataBit    0x800'22ab   0x14  Code  ??  stm32f10x_gpio.o [4]
GPIO_ResetBits           0x800'22c5    0x6  Code  ??  stm32f10x_gpio.o [4]
GPIO_SetBits             0x800'22bf    0x6  Code  ??  stm32f10x_gpio.o [4]
GpioInit                 0x800'25ef   0x18  Code  ??  punch_game.o [3]
HardFault_Handler        0x800'3419    0x2  Code  ??  stm32f10x_it.o [4]
I2C1_ER_IRQHandler       0x800'35b5         Code  Wk  startup_stm32f10x_cl.o [5]
I2C1_EV_IRQHandler       0x800'35b1         Code  Wk  startup_stm32f10x_cl.o [5]
I2C2_ER_IRQHandler       0x800'35bd         Code  Wk  startup_stm32f10x_cl.o [5]
I2C2_EV_IRQHandler       0x800'35b9         Code  Wk  startup_stm32f10x_cl.o [5]
Init                     0x800'315d   0x20  Code  ??  main.o [6]
MemManage_Handler        0x800'341b    0x2  Code  ??  stm32f10x_it.o [4]
NMI_Handler              0x800'3417    0x2  Code  ??  stm32f10x_it.o [4]
NVIC_Init                0x800'24cf   0x5e  Code  ??  misc.o [4]
NVIC_PriorityGroupConfig
                         0x800'24c5    0xa  Code  ??  misc.o [4]
OTG_FS_IRQHandler        0x800'3625         Code  Wk  startup_stm32f10x_cl.o [5]
OTG_FS_WKUP_IRQHandler   0x800'35dd         Code  Wk  startup_stm32f10x_cl.o [5]
PVD_IRQHandler           0x800'3539         Code  Wk  startup_stm32f10x_cl.o [5]
PendSV_Handler           0x800'3425    0x2  Code  ??  stm32f10x_it.o [4]
RCC_AHBPeriphClockCmd    0x800'216b   0x1c  Code  ??  stm32f10x_rcc.o [4]
RCC_APB1PeriphClockCmd   0x800'21a3   0x1c  Code  ??  stm32f10x_rcc.o [4]
RCC_APB2PeriphClockCmd   0x800'2187   0x1c  Code  ??  stm32f10x_rcc.o [4]
RCC_GetClocksFreq        0x800'207d   0xee  Code  ??  stm32f10x_rcc.o [4]
RCC_IRQHandler           0x800'3549         Code  Wk  startup_stm32f10x_cl.o [5]
RTCAlarm_IRQHandler      0x800'35d9         Code  Wk  startup_stm32f10x_cl.o [5]
RTC_IRQHandler           0x800'3541         Code  Wk  startup_stm32f10x_cl.o [5]
RccInit                  0x800'25d1   0x1e  Code  ??  punch_game.o [3]
Region$$Table$$Base      0x800'32c8          --   ??  - Linker created -
Region$$Table$$Limit     0x800'32ec          --   ??  - Linker created -
Reset_Handler            0x800'3499         Code  Wk  startup_stm32f10x_cl.o [5]
SPI1_IRQHandler          0x800'35c1         Code  Wk  startup_stm32f10x_cl.o [5]
SPI2_IRQHandler          0x800'35c5         Code  Wk  startup_stm32f10x_cl.o [5]
SPI3_IRQHandler          0x800'35e5         Code  Wk  startup_stm32f10x_cl.o [5]
SVC_Handler              0x800'3421    0x2  Code  ??  stm32f10x_it.o [4]
SetSysClock              0x800'2e0f    0x8  Code  Lc  system_stm32f10x.o [2]
SetSysClockTo72          0x800'2e17   0xd2  Code  Lc  system_stm32f10x.o [2]
SysTick_Handler          0x800'3427    0x2  Code  ??  stm32f10x_it.o [4]
SystemCoreClock         0x2000'0018    0x4  Data  ??  system_stm32f10x.o [2]
SystemInit               0x800'2dbd   0x52  Code  ??  system_stm32f10x.o [2]
TAMPER_IRQHandler        0x800'353d         Code  Wk  startup_stm32f10x_cl.o [5]
TIM1_BRK_IRQHandler      0x800'3595         Code  Wk  startup_stm32f10x_cl.o [5]
TIM1_CC_IRQHandler       0x800'35a1         Code  Wk  startup_stm32f10x_cl.o [5]
TIM1_TRG_COM_IRQHandler
                         0x800'359d         Code  Wk  startup_stm32f10x_cl.o [5]
TIM1_UP_IRQHandler       0x800'3599         Code  Wk  startup_stm32f10x_cl.o [5]
TIM2_IRQHandler          0x800'314d    0x8  Code  ??  main.o [6]
TIM3_IRQHandler          0x800'35a9         Code  Wk  startup_stm32f10x_cl.o [5]
TIM4_IRQHandler          0x800'35ad         Code  Wk  startup_stm32f10x_cl.o [5]
TIM5_IRQHandler          0x800'35e1         Code  Wk  startup_stm32f10x_cl.o [5]
TIM6_IRQHandler          0x800'35f1         Code  Wk  startup_stm32f10x_cl.o [5]
TIM7_IRQHandler          0x800'35f5         Code  Wk  startup_stm32f10x_cl.o [5]
TIM_ARRPreloadConfig     0x800'2d4b   0x1c  Code  ??  stm32f10x_tim.o [4]
TIM_ClearITPendingBit    0x800'2d8b    0x8  Code  ??  stm32f10x_tim.o [4]
TIM_Cmd                  0x800'2d17   0x1c  Code  ??  stm32f10x_tim.o [4]
TIM_GetITStatus          0x800'2d67   0x24  Code  ??  stm32f10x_tim.o [4]
TIM_ITConfig             0x800'2d33   0x18  Code  ??  stm32f10x_tim.o [4]
TIM_TimeBaseInit         0x800'2c81   0x96  Code  ??  stm32f10x_tim.o [4]
UART4_IRQHandler         0x800'35e9         Code  Wk  startup_stm32f10x_cl.o [5]
UART5_IRQHandler         0x800'35ed         Code  Wk  startup_stm32f10x_cl.o [5]
USART1_IRQHandler        0x800'35c9         Code  Wk  startup_stm32f10x_cl.o [5]
USART2_IRQHandler        0x800'3155    0x8  Code  ??  main.o [6]
USART3_IRQHandler        0x800'35d1         Code  Wk  startup_stm32f10x_cl.o [5]
USART_ClearITPendingBit
                         0x800'24ad   0x16  Code  ??  stm32f10x_usart.o [4]
USART_Cmd                0x800'23dd   0x1c  Code  ??  stm32f10x_usart.o [4]
USART_GetITStatus        0x800'2453   0x5a  Code  ??  stm32f10x_usart.o [4]
USART_ITConfig           0x800'23f9   0x4a  Code  ??  stm32f10x_usart.o [4]
USART_Init               0x800'231d   0xba  Code  ??  stm32f10x_usart.o [4]
USART_ReceiveData        0x800'244b    0x8  Code  ??  stm32f10x_usart.o [4]
USART_SendData           0x800'2443    0x8  Code  ??  stm32f10x_usart.o [4]
UsageFault_Handler       0x800'341f    0x2  Code  ??  stm32f10x_it.o [4]
WWDG_IRQHandler          0x800'3535         Code  Wk  startup_stm32f10x_cl.o [5]
_LC                      0x800'0151    0x6  Code  Lc  xprintffull_nomb.o [7]
_LitobFullNoMb           0x800'0e19  0x10c  Code  Lc  xprintffull_nomb.o [7]
_PrintfFullNoMb          0x800'0157  0xc92  Code  ??  xprintffull_nomb.o [7]
_Prout                   0x800'3401   0x16  Code  ??  xprout.o [7]
_PutcharsFullNoMb        0x800'0f81   0x2e  Code  Lc  xprintffull_nomb.o [7]
__NVIC_EnableIRQ         0x800'1d79   0x1c  Code  Lc  game_io.o [3]
__aeabi_cdcmple          0x800'1221         Code  ??  DblCmpLe.o [8]
__aeabi_cdrcmple         0x800'1255         Code  ??  DblCmpGe.o [8]
__aeabi_d2iz             0x800'13c5         Code  ??  DblToS32.o [8]
__aeabi_d2uiz            0x800'18b9         Code  ??  DblToU32.o [8]
__aeabi_ddiv             0x800'1671         Code  ??  DblDiv.o [8]
__aeabi_dmul             0x800'18f9         Code  ??  DblMul.o [8]
__aeabi_dsub             0x800'158d         Code  ??  DblAddSub.o [8]
__aeabi_i2d              0x800'13fd         Code  ??  S32ToDbl.o [8]
__aeabi_ldiv0            0x800'1cdd         Code  ??  I64DivZer.o [9]
__aeabi_memcpy           0x800'1109         Code  ??  ABImemcpy.o [9]
__aeabi_memcpy4          0x800'1129         Code  ??  ABImemcpy.o [9]
__aeabi_memcpy8          0x800'1129         Code  ??  ABImemcpy.o [9]
__aeabi_memset           0x800'2541         Code  ??  ABImemset.o [9]
__aeabi_ui2d             0x800'18dd         Code  ??  U32ToDbl.o [8]
__aeabi_uldivmod         0x800'1aa5         Code  ??  I64DivMod.o [9]
__cmain                  0x800'337d         Code  ??  cmain.o [9]
__dwrite                 0x800'333d   0x1e  Code  ??  dwrite.o [10]
__exit                   0x800'1ce1   0x14  Code  ??  exit.o [10]
__iar_Fail_s             0x800'1039   0x1c  Code  ??  xfail_s.o [7]
__iar_Memchr             0x800'10b1         Code  ??  memchr.o [9]
__iar_Memset             0x800'2541         Code  ??  ABImemset.o [9]
__iar_Memset_word        0x800'2549         Code  ??  ABImemset.o [9]
__iar_Strchr             0x800'1021         Code  ??  strchr.o [9]
__iar_close_ttio         0x800'1cf5   0x2c  Code  ??  iarttio.o [10]
__iar_copy_init3         0x800'0ff7   0x2a  Code  ??  copy_init3.o [9]
__iar_data_init3         0x800'3231   0x18  Code  ??  data_init.o [9]
__iar_frexp              0x800'11bd         Code  ??  frexp.o [8]
__iar_frexp64            0x800'11b1         Code  ??  frexp.o [8]
__iar_frexpl             0x800'11bd         Code  ??  frexp.o [8]
__iar_get_ttio           0x800'1d21   0x4c  Code  ??  iarttio.o [10]
__iar_ldexp64            0x800'1289         Code  ??  ldexp.o [8]
__iar_lookup_ttioh       0x800'1d71    0x8  Code  ??  XShttio.o [7]
__iar_program_start      0x800'33cd         Code  ??  cstartup_M.o [9]
__iar_scalbln64          0x800'1289         Code  ??  ldexp.o [8]
__iar_scalbn64           0x800'1289         Code  ??  ldexp.o [8]
__iar_sh_stdout          0x800'335b   0x20  Code  ??  iarwstd.o [10]
__iar_sh_write           0x800'32a5   0x22  Code  ??  iarwrite.o [10]
__iar_ttio_handles      0x2000'001c    0x8  Data  Lc  XShttio.o [7]
__iar_zero_init3         0x800'31f9   0x38  Code  ??  zero_init3.o [9]
__low_level_init         0x800'339b    0x4  Code  ??  low_level_init.o [7]
__vector_table           0x800'0000         Data  ??  startup_stm32f10x_cl.o [5]
__write                  0x800'332d   0x10  Code  ??  write.o [10]
_call_main               0x800'3389         Code  ??  cmain.o [9]
_exit                    0x800'33a5         Code  ??  cexit.o [9]
abort                    0x800'1cd5    0x6  Code  ??  abort.o [7]
allTurnEnd              0x2000'0294    0x4  Data  ??  main.o [6]
count                   0x2000'02a0    0x4  Data  ??  shake_game.o [3]
cur_game                0x2000'0288    0x4  Data  ??  main.o [6]
cur_player              0x2000'028c    0x4  Data  ??  main.o [6]
enable_ports             0x800'3035   0x14  Code  ??  shake_game.o [3]
exit                     0x800'339f    0x4  Code  ??  exit.o [7]
frexp                    0x800'11b1         Code  ??  frexp.o [8]
frexpl                   0x800'11b1         Code  ??  frexp.o [8]
game_state              0x2000'0290    0x4  Data  ??  main.o [6]
io_Configure             0x800'2065   0x18  Code  ??  game_io.o [3]
io_NVIC_Configure        0x800'1ec3   0x54  Code  ??  game_io.o [3]
io_USART1_Init           0x800'1e37   0x46  Code  ??  game_io.o [3]
io_USART2_IRQHandler     0x800'1fcf   0x64  Code  ??  game_io.o [3]
io_USART2_Init           0x800'1e7d   0x46  Code  ??  game_io.o [3]
io_char                 0x2000'01b4   0xc8  Data  ??  game_io.o [3]
io_gpio_Configure        0x800'1dc5   0x72  Code  ??  game_io.o [3]
io_index                0x2000'0280    0x4  Data  ??  game_io.o [3]
io_rcc_Configure         0x800'1d95   0x30  Code  ??  game_io.o [3]
io_receivedDataParsing   0x800'1f5b   0x74  Code  ??  game_io.o [3]
is_data_received        0x2000'0284    0x4  Data  ??  main.o [6]
is_shaked                0x800'3067   0x1a  Code  ??  shake_game.o [3]
ldexp                    0x800'1289         Code  ??  ldexp.o [8]
ldexpl                   0x800'1289         Code  ??  ldexp.o [8]
led_state               0x2000'027c    0x4  Data  ??  common.o [3]
main                     0x800'317d   0x60  Code  ??  main.o [6]
mapping                  0x800'26dd   0x18  Code  ??  punch_game.o [3]
max_mappedValue         0x2000'029c    0x4  Data  ??  punch_game.o [3]
memchr                   0x800'10b1         Code  ??  memchr.o [9]
player_count            0x2000'0000    0x4  Data  ??  main.o [6]
printf                   0x800'25a9   0x28  Code  ??  printf.o [7]
punchGame                0x800'273b   0x60  Code  ??  punch_game.o [3]
punchGame_Configure      0x800'26c9   0x14  Code  ??  punch_game.o [3]
punchGame_turnHandler    0x800'26f5   0x46  Code  ??  punch_game.o [3]
putchar                  0x800'330d   0x20  Code  ??  putchar.o [7]
scalbln                  0x800'1289         Code  ??  ldexp.o [8]
scalblnl                 0x800'1289         Code  ??  ldexp.o [8]
scalbn                   0x800'1289         Code  ??  ldexp.o [8]
scalbnl                  0x800'1289         Code  ??  ldexp.o [8]
scale                    0x800'0f2b   0x46  Code  Lc  xprintffull_nomb.o [7]
sec_hand                0x2000'02ac    0x4  Data  Lc  xfail_s.o [7]
sendMessage              0x800'1f17   0x44  Code  ??  game_io.o [3]
set_input_output         0x800'3049   0x12  Code  ??  shake_game.o [3]
shakeGame                0x800'30cd   0x40  Code  ??  shake_game.o [3]
shakeGame_Configure      0x800'305b    0xc  Code  ??  shake_game.o [3]
shakeGame_turnHandler    0x800'3081   0x4c  Code  ??  shake_game.o [3]
strchr                   0x800'1021         Code  ??  strchr.o [9]
strlen                   0x800'1079         Code  ??  strlen.o [9]
timeGame                 0x800'2b69   0x18  Code  ??  time_game.o [3]
timeGame_Configure       0x800'2a61   0x34  Code  ??  time_game.o [3]
timeGame_TimerHandler    0x800'2a95   0x2e  Code  ??  time_game.o [3]
timeGame_TouchHandler    0x800'2ac3   0x4e  Code  ??  time_game.o [3]
timeGame_turnHandler     0x800'2b11   0x58  Code  ??  time_game.o [3]
time_count              0x2000'02a4    0x4  Data  ??  time_game.o [3]
timer_Configure          0x800'2a0b   0x36  Code  ??  time_game.o [3]
timer_interrupt_Configure
                         0x800'2a41   0x10  Code  ??  time_game.o [3]
timer_nvic_Configure     0x800'2a51   0x10  Code  ??  time_game.o [3]
timer_running           0x2000'02a8    0x4  Data  ??  time_game.o [3]
touch_exti_Configure     0x800'29c5   0x1c  Code  ??  time_game.o [3]
touch_gpio_Configure     0x800'29e1   0x12  Code  ??  time_game.o [3]
touch_nvic_Configure     0x800'29f3   0x18  Code  ??  time_game.o [3]
turnButton_Button_Configure
                         0x800'2f53   0x20  Code  ??  common.o [3]
turnButton_Handler       0x800'2f93   0x7e  Code  ??  common.o [3]
turnButton_exti_Configure
                         0x800'2f1f   0x1c  Code  ??  common.o [3]
turnButton_gpio_Configure
                         0x800'2f0d   0x12  Code  ??  common.o [3]
turnButton_nvic_Configure
                         0x800'2f3b   0x18  Code  ??  common.o [3]
turnLed_Configure        0x800'2f73   0x20  Code  ??  common.o [3]
values                  0x2000'0024  0x190  Data  ??  main.o [6]


[1] = C:\stm32f107\test\stm32f107\Debug\Obj\LCD_4201958098305381530.dir
[2] = C:\stm32f107\test\stm32f107\Debug\Obj\deviceSupport_10693399758388243120.dir
[3] = C:\stm32f107\test\stm32f107\Debug\Obj\src_16443330741552987741.dir
[4] = C:\stm32f107\test\stm32f107\Debug\Obj\src_3217175271539887226.dir
[5] = C:\stm32f107\test\stm32f107\Debug\Obj\startup_9033852101935799395.dir
[6] = C:\stm32f107\test\stm32f107\Debug\Obj\user_8514941877209965082.dir
[7] = dl7M_tln.a
[8] = m7M_tl.a
[9] = rt7M_tl.a
[10] = shb_l.a

  13'450 bytes of readonly  code memory
     414 bytes of readonly  data memory
   4'784 bytes of readwrite data memory

Errors: none
Warnings: none
